Release 14.7 - xst P.20131013 (lin64)
Copyright (c) 1995-2013 Xilinx, Inc.  All rights reserved.
--> 
Parameter TMPDIR set to xst/projnav.tmp


Total REAL time to Xst completion: 0.00 secs
Total CPU time to Xst completion: 0.05 secs
 
--> 
Parameter xsthdpdir set to xst


Total REAL time to Xst completion: 0.00 secs
Total CPU time to Xst completion: 0.05 secs
 
--> 
Reading design: test_cam.prj

TABLE OF CONTENTS
  1) Synthesis Options Summary
  2) HDL Parsing
  3) HDL Elaboration
  4) HDL Synthesis
       4.1) HDL Synthesis Report
  5) Advanced HDL Synthesis
       5.1) Advanced HDL Synthesis Report
  6) Low Level Synthesis
  7) Partition Report
  8) Design Summary
       8.1) Primitive and Black Box Usage
       8.2) Device utilization summary
       8.3) Partition Resource Summary
       8.4) Timing Report
            8.4.1) Clock Information
            8.4.2) Asynchronous Control Signals Information
            8.4.3) Timing Summary
            8.4.4) Timing Details
            8.4.5) Cross Clock Domains Report


=========================================================================
*                      Synthesis Options Summary                        *
=========================================================================
---- Source Parameters
Input File Name                    : "test_cam.prj"
Ignore Synthesis Constraint File   : NO

---- Target Parameters
Output File Name                   : "test_cam"
Output Format                      : NGC
Target Device                      : xc7a100t-3-csg324

---- Source Options
Top Module Name                    : test_cam
Automatic FSM Extraction           : YES
FSM Encoding Algorithm             : Auto
Safe Implementation                : No
FSM Style                          : LUT
RAM Extraction                     : Yes
RAM Style                          : Auto
ROM Extraction                     : Yes
Shift Register Extraction          : YES
ROM Style                          : Auto
Resource Sharing                   : YES
Asynchronous To Synchronous        : NO
Shift Register Minimum Size        : 2
Use DSP Block                      : Auto
Automatic Register Balancing       : No

---- Target Options
LUT Combining                      : Auto
Reduce Control Sets                : Auto
Add IO Buffers                     : YES
Global Maximum Fanout              : 100000
Add Generic Clock Buffer(BUFG)     : 16
Register Duplication               : YES
Optimize Instantiated Primitives   : NO
Use Clock Enable                   : Auto
Use Synchronous Set                : Auto
Use Synchronous Reset              : Auto
Pack IO Registers into IOBs        : Auto
Equivalent register Removal        : YES

---- General Options
Optimization Goal                  : Speed
Optimization Effort                : 1
Power Reduction                    : NO
Keep Hierarchy                     : No
Netlist Hierarchy                  : As_Optimized
RTL Output                         : Yes
Global Optimization                : AllClockNets
Read Cores                         : YES
Write Timing Constraints           : NO
Cross Clock Analysis               : NO
Hierarchy Separator                : /
Bus Delimiter                      : <>
Case Specifier                     : Maintain
Slice Utilization Ratio            : 100
BRAM Utilization Ratio             : 100
DSP48 Utilization Ratio            : 100
Auto BRAM Packing                  : NO
Slice Utilization Ratio Delta      : 5

=========================================================================


=========================================================================
*                          HDL Parsing                                  *
=========================================================================
Analyzing Verilog file "/home/jhonathann/Escritorio/Digital 2/Proyecto digital 2/work02-simulation-grupo_1/hw/src/VGA_driver.v" into library work
Parsing module <VGA_Driver640x480>.
Analyzing Verilog file "/home/jhonathann/Escritorio/Digital 2/Proyecto digital 2/work02-simulation-grupo_1/hw/src/PLL/clk24_25_nexys4.v" into library work
Parsing module <clk24_25_nexys4>.
Analyzing Verilog file "/home/jhonathann/Escritorio/Digital 2/Proyecto digital 2/work02-simulation-grupo_1/hw/src/cam_read.v" into library work
Parsing module <cam_read>.
Analyzing Verilog file "/home/jhonathann/Escritorio/Digital 2/Proyecto digital 2/work02-simulation-grupo_1/hw/src/buffer_ram_dp.v" into library work
Parsing module <buffer_ram_dp>.
Analyzing Verilog file "/home/jhonathann/Escritorio/Digital 2/Proyecto digital 2/work02-simulation-grupo_1/hw/src/test_cam.v" into library work
Parsing module <test_cam>.

=========================================================================
*                            HDL Elaboration                            *
=========================================================================
WARNING:HDLCompiler:1016 - "/home/jhonathann/Escritorio/Digital 2/Proyecto digital 2/work02-simulation-grupo_1/hw/src/test_cam.v" Line 109: Port LOCKED is not connected to this instance

Elaborating module <test_cam>.

Elaborating module <clk24_25_nexys4>.

Elaborating module <BUFG>.

Elaborating module <MMCME2_ADV(BANDWIDTH="OPTIMIZED",CLKOUT4_CASCADE="FALSE",COMPENSATION="ZHOLD",STARTUP_WAIT="FALSE",DIVCLK_DIVIDE=1,CLKFBOUT_MULT_F=12.0,CLKFBOUT_PHASE=0.0,CLKFBOUT_USE_FINE_PS="FALSE",CLKOUT0_DIVIDE_F=48.0,CLKOUT0_PHASE=0.0,CLKOUT0_DUTY_CYCLE=0.5,CLKOUT0_USE_FINE_PS="FALSE",CLKOUT1_DIVIDE=50,CLKOUT1_PHASE=0.0,CLKOUT1_DUTY_CYCLE=0.5,CLKOUT1_USE_FINE_PS="FALSE",CLKIN1_PERIOD=10.0,REF_JITTER1=0.01)>.
WARNING:HDLCompiler:1127 - "/home/jhonathann/Escritorio/Digital 2/Proyecto digital 2/work02-simulation-grupo_1/hw/src/PLL/clk24_25_nexys4.v" Line 132: Assignment to clkfboutb_unused ignored, since the identifier is never used
WARNING:HDLCompiler:1127 - "/home/jhonathann/Escritorio/Digital 2/Proyecto digital 2/work02-simulation-grupo_1/hw/src/PLL/clk24_25_nexys4.v" Line 134: Assignment to clkout0b_unused ignored, since the identifier is never used
WARNING:HDLCompiler:1127 - "/home/jhonathann/Escritorio/Digital 2/Proyecto digital 2/work02-simulation-grupo_1/hw/src/PLL/clk24_25_nexys4.v" Line 136: Assignment to clkout1b_unused ignored, since the identifier is never used
WARNING:HDLCompiler:1127 - "/home/jhonathann/Escritorio/Digital 2/Proyecto digital 2/work02-simulation-grupo_1/hw/src/PLL/clk24_25_nexys4.v" Line 137: Assignment to clkout2_unused ignored, since the identifier is never used
WARNING:HDLCompiler:1127 - "/home/jhonathann/Escritorio/Digital 2/Proyecto digital 2/work02-simulation-grupo_1/hw/src/PLL/clk24_25_nexys4.v" Line 138: Assignment to clkout2b_unused ignored, since the identifier is never used
WARNING:HDLCompiler:1127 - "/home/jhonathann/Escritorio/Digital 2/Proyecto digital 2/work02-simulation-grupo_1/hw/src/PLL/clk24_25_nexys4.v" Line 139: Assignment to clkout3_unused ignored, since the identifier is never used
WARNING:HDLCompiler:1127 - "/home/jhonathann/Escritorio/Digital 2/Proyecto digital 2/work02-simulation-grupo_1/hw/src/PLL/clk24_25_nexys4.v" Line 140: Assignment to clkout3b_unused ignored, since the identifier is never used
WARNING:HDLCompiler:1127 - "/home/jhonathann/Escritorio/Digital 2/Proyecto digital 2/work02-simulation-grupo_1/hw/src/PLL/clk24_25_nexys4.v" Line 141: Assignment to clkout4_unused ignored, since the identifier is never used
WARNING:HDLCompiler:1127 - "/home/jhonathann/Escritorio/Digital 2/Proyecto digital 2/work02-simulation-grupo_1/hw/src/PLL/clk24_25_nexys4.v" Line 142: Assignment to clkout5_unused ignored, since the identifier is never used
WARNING:HDLCompiler:1127 - "/home/jhonathann/Escritorio/Digital 2/Proyecto digital 2/work02-simulation-grupo_1/hw/src/PLL/clk24_25_nexys4.v" Line 143: Assignment to clkout6_unused ignored, since the identifier is never used
WARNING:HDLCompiler:1127 - "/home/jhonathann/Escritorio/Digital 2/Proyecto digital 2/work02-simulation-grupo_1/hw/src/PLL/clk24_25_nexys4.v" Line 155: Assignment to do_unused ignored, since the identifier is never used
WARNING:HDLCompiler:1127 - "/home/jhonathann/Escritorio/Digital 2/Proyecto digital 2/work02-simulation-grupo_1/hw/src/PLL/clk24_25_nexys4.v" Line 156: Assignment to drdy_unused ignored, since the identifier is never used
WARNING:HDLCompiler:1127 - "/home/jhonathann/Escritorio/Digital 2/Proyecto digital 2/work02-simulation-grupo_1/hw/src/PLL/clk24_25_nexys4.v" Line 162: Assignment to psdone_unused ignored, since the identifier is never used
WARNING:HDLCompiler:1127 - "/home/jhonathann/Escritorio/Digital 2/Proyecto digital 2/work02-simulation-grupo_1/hw/src/PLL/clk24_25_nexys4.v" Line 165: Assignment to clkinstopped_unused ignored, since the identifier is never used
WARNING:HDLCompiler:1127 - "/home/jhonathann/Escritorio/Digital 2/Proyecto digital 2/work02-simulation-grupo_1/hw/src/PLL/clk24_25_nexys4.v" Line 166: Assignment to clkfbstopped_unused ignored, since the identifier is never used

Elaborating module <buffer_ram_dp(AW=15,DW=8)>.
Reading initialization file \"src/image.men\".
WARNING:HDLCompiler:1670 - "/home/jhonathann/Escritorio/Digital 2/Proyecto digital 2/work02-simulation-grupo_1/hw/src/buffer_ram_dp.v" Line 53: Signal <ram> in initial block is partially initialized.

Elaborating module <VGA_Driver640x480>.
WARNING:HDLCompiler:413 - "/home/jhonathann/Escritorio/Digital 2/Proyecto digital 2/work02-simulation-grupo_1/hw/src/VGA_driver.v" Line 68: Result of 10-bit expression is truncated to fit in 9-bit target.
WARNING:HDLCompiler:413 - "/home/jhonathann/Escritorio/Digital 2/Proyecto digital 2/work02-simulation-grupo_1/hw/src/VGA_driver.v" Line 72: Result of 11-bit expression is truncated to fit in 10-bit target.
WARNING:HDLCompiler:413 - "/home/jhonathann/Escritorio/Digital 2/Proyecto digital 2/work02-simulation-grupo_1/hw/src/test_cam.v" Line 162: Result of 17-bit expression is truncated to fit in 15-bit target.

Elaborating module <cam_read(AW=15)>.
WARNING:HDLCompiler:413 - "/home/jhonathann/Escritorio/Digital 2/Proyecto digital 2/work02-simulation-grupo_1/hw/src/cam_read.v" Line 60: Result of 16-bit expression is truncated to fit in 15-bit target.

=========================================================================
*                           HDL Synthesis                               *
=========================================================================

Synthesizing Unit <test_cam>.
    Related source file is "/home/jhonathann/Escritorio/Digital 2/Proyecto digital 2/work02-simulation-grupo_1/hw/src/test_cam.v".
        CAM_SCREEN_X = 160
        CAM_SCREEN_Y = 120
INFO:Xst:3210 - "/home/jhonathann/Escritorio/Digital 2/Proyecto digital 2/work02-simulation-grupo_1/hw/src/test_cam.v" line 110: Output port <LOCKED> of the instance <clk25_24> is unconnected or connected to loadless signal.
    Found 16-bit adder for signal <n0023> created at line 162.
    Found 9x7-bit multiplier for signal <n0029> created at line 162.
    Found 10-bit comparator greater for signal <GND_1_o_VGA_posX[9]_LessThan_4_o> created at line 159
    Found 9-bit comparator greater for signal <GND_1_o_VGA_posY[8]_LessThan_5_o> created at line 159
    Summary:
	inferred   1 Multiplier(s).
	inferred   1 Adder/Subtractor(s).
	inferred   2 Comparator(s).
	inferred   1 Multiplexer(s).
Unit <test_cam> synthesized.

Synthesizing Unit <clk24_25_nexys4>.
    Related source file is "/home/jhonathann/Escritorio/Digital 2/Proyecto digital 2/work02-simulation-grupo_1/hw/src/PLL/clk24_25_nexys4.v".
    Summary:
	no macro.
Unit <clk24_25_nexys4> synthesized.

Synthesizing Unit <buffer_ram_dp>.
    Related source file is "/home/jhonathann/Escritorio/Digital 2/Proyecto digital 2/work02-simulation-grupo_1/hw/src/buffer_ram_dp.v".
        AW = 15
        DW = 8
        imageFILE = "src/image.men"
    Found 32768x8-bit dual-port RAM <Mram_ram> for signal <ram>.
    Found 8-bit register for signal <data_out>.
    Summary:
	inferred   1 RAM(s).
	inferred   8 D-type flip-flop(s).
Unit <buffer_ram_dp> synthesized.

Synthesizing Unit <VGA_Driver640x480>.
    Related source file is "/home/jhonathann/Escritorio/Digital 2/Proyecto digital 2/work02-simulation-grupo_1/hw/src/VGA_driver.v".
    Found 9-bit register for signal <countY>.
    Found 10-bit register for signal <countX>.
    Found 9-bit adder for signal <countY[8]_GND_6_o_add_10_OUT> created at line 68.
    Found 10-bit adder for signal <countX[9]_GND_6_o_add_11_OUT> created at line 72.
    Found 10-bit comparator greater for signal <countX[9]_PWR_6_o_LessThan_3_o> created at line 50
    Found 10-bit comparator lessequal for signal <n0004> created at line 52
    Found 10-bit comparator greater for signal <countX[9]_PWR_6_o_LessThan_6_o> created at line 52
    Found 9-bit comparator lessequal for signal <n0009> created at line 53
    Found 9-bit comparator greater for signal <countY[8]_PWR_6_o_LessThan_8_o> created at line 53
    Found 10-bit comparator greater for signal <n0014> created at line 62
    Summary:
	inferred   2 Adder/Subtractor(s).
	inferred  19 D-type flip-flop(s).
	inferred   6 Comparator(s).
	inferred   1 Multiplexer(s).
Unit <VGA_Driver640x480> synthesized.

Synthesizing Unit <cam_read>.
    Related source file is "/home/jhonathann/Escritorio/Digital 2/Proyecto digital 2/work02-simulation-grupo_1/hw/src/cam_read.v".
        AW = 15
    Found 1-bit register for signal <countData>.
    Found 1-bit register for signal <px_wr>.
    Found 15-bit register for signal <mem_px_addr>.
    Found 8-bit register for signal <mem_px_data>.
    Found 15-bit adder for signal <mem_px_addr[14]_GND_8_o_add_3_OUT> created at line 60.
    Summary:
	inferred   1 Adder/Subtractor(s).
	inferred  25 D-type flip-flop(s).
	inferred   8 Multiplexer(s).
Unit <cam_read> synthesized.

=========================================================================
HDL Synthesis Report

Macro Statistics
# RAMs                                                 : 1
 32768x8-bit dual-port RAM                             : 1
# Multipliers                                          : 1
 9x7-bit multiplier                                    : 1
# Adders/Subtractors                                   : 4
 10-bit adder                                          : 1
 15-bit adder                                          : 1
 16-bit adder                                          : 1
 9-bit adder                                           : 1
# Registers                                            : 7
 1-bit register                                        : 2
 10-bit register                                       : 1
 15-bit register                                       : 1
 8-bit register                                        : 2
 9-bit register                                        : 1
# Comparators                                          : 8
 10-bit comparator greater                             : 4
 10-bit comparator lessequal                           : 1
 9-bit comparator greater                              : 2
 9-bit comparator lessequal                            : 1
# Multiplexers                                         : 10
 1-bit 2-to-1 multiplexer                              : 8
 15-bit 2-to-1 multiplexer                             : 1
 8-bit 2-to-1 multiplexer                              : 1

=========================================================================

=========================================================================
*                       Advanced HDL Synthesis                          *
=========================================================================


Synthesizing (advanced) Unit <VGA_Driver640x480>.
The following registers are absorbed into counter <countX>: 1 register on signal <countX>.
The following registers are absorbed into counter <countY>: 1 register on signal <countY>.
Unit <VGA_Driver640x480> synthesized (advanced).

Synthesizing (advanced) Unit <buffer_ram_dp>.
INFO:Xst:3226 - The RAM <Mram_ram> will be implemented as a BLOCK RAM, absorbing the following register(s): <data_out>
    -----------------------------------------------------------------------
    | ram_type           | Block                               |          |
    -----------------------------------------------------------------------
    | Port A                                                              |
    |     aspect ratio   | 32768-word x 8-bit                  |          |
    |     mode           | write-first                         |          |
    |     clkA           | connected to signal <clk_w>         | rise     |
    |     weA            | connected to signal <regwrite>      | high     |
    |     addrA          | connected to signal <addr_in>       |          |
    |     diA            | connected to signal <data_in>       |          |
    -----------------------------------------------------------------------
    | optimization       | speed                               |          |
    -----------------------------------------------------------------------
    | Port B                                                              |
    |     aspect ratio   | 32768-word x 8-bit                  |          |
    |     mode           | write-first                         |          |
    |     clkB           | connected to signal <clk_r>         | rise     |
    |     addrB          | connected to signal <addr_out>      |          |
    |     doB            | connected to signal <data_out>      |          |
    -----------------------------------------------------------------------
    | optimization       | speed                               |          |
    -----------------------------------------------------------------------
Unit <buffer_ram_dp> synthesized (advanced).

Synthesizing (advanced) Unit <cam_read>.
The following registers are absorbed into counter <mem_px_addr>: 1 register on signal <mem_px_addr>.
Unit <cam_read> synthesized (advanced).

Synthesizing (advanced) Unit <test_cam>.
	Multiplier <Mmult_n0029> in block <test_cam> and adder/subtractor <Madd_n0023_Madd> in block <test_cam> are combined into a MAC<Maddsub_n0029>.
Unit <test_cam> synthesized (advanced).

=========================================================================
Advanced HDL Synthesis Report

Macro Statistics
# RAMs                                                 : 1
 32768x8-bit dual-port block RAM                       : 1
# MACs                                                 : 1
 9x7-to-15-bit MAC                                     : 1
# Counters                                             : 3
 10-bit up counter                                     : 1
 15-bit up counter                                     : 1
 9-bit up counter                                      : 1
# Registers                                            : 10
 Flip-Flops                                            : 10
# Comparators                                          : 8
 10-bit comparator greater                             : 4
 10-bit comparator lessequal                           : 1
 9-bit comparator greater                              : 2
 9-bit comparator lessequal                            : 1
# Multiplexers                                         : 10
 1-bit 2-to-1 multiplexer                              : 8
 15-bit 2-to-1 multiplexer                             : 1
 8-bit 2-to-1 multiplexer                              : 1

=========================================================================

=========================================================================
*                         Low Level Synthesis                           *
=========================================================================

Optimizing unit <test_cam> ...

Optimizing unit <cam_read> ...

Optimizing unit <VGA_Driver640x480> ...

Mapping all equations...
Building and optimizing final netlist ...
Found area constraint ratio of 100 (+ 5) on block test_cam, actual ratio is 0.

Final Macro Processing ...

=========================================================================
Final Register Report

Macro Statistics
# Registers                                            : 44
 Flip-Flops                                            : 44

=========================================================================

=========================================================================
*                           Partition Report                            *
=========================================================================

Partition Implementation Status
-------------------------------

  No Partitions were found in this design.

-------------------------------

=========================================================================
*                            Design Summary                             *
=========================================================================

Top Level Output File Name         : test_cam.ngc

Primitive and Black Box Usage:
------------------------------
# BELS                             : 235
#      GND                         : 1
#      INV                         : 3
#      LUT1                        : 35
#      LUT2                        : 34
#      LUT3                        : 16
#      LUT4                        : 15
#      LUT5                        : 11
#      LUT6                        : 10
#      MUXCY                       : 52
#      VCC                         : 1
#      XORCY                       : 57
# FlipFlops/Latches                : 44
#      FD                          : 8
#      FDE                         : 8
#      FDR                         : 2
#      FDRE                        : 20
#      FDS                         : 2
#      FDSE                        : 4
# RAMS                             : 8
#      RAMB36E1                    : 8
# Clock Buffers                    : 5
#      BUFG                        : 4
#      BUFGP                       : 1
# IO Buffers                       : 29
#      IBUF                        : 11
#      IBUFG                       : 1
#      OBUF                        : 17
# Others                           : 1
#      MMCME2_ADV                  : 1

Device utilization summary:
---------------------------

Selected Device : 7a100tcsg324-3 


Slice Logic Utilization: 
 Number of Slice Registers:              44  out of  126800     0%  
 Number of Slice LUTs:                  124  out of  63400     0%  
    Number used as Logic:               124  out of  63400     0%  

Slice Logic Distribution: 
 Number of LUT Flip Flop pairs used:    124
   Number with an unused Flip Flop:      80  out of    124    64%  
   Number with an unused LUT:             0  out of    124     0%  
   Number of fully used LUT-FF pairs:    44  out of    124    35%  
   Number of unique control sets:         8

IO Utilization: 
 Number of IOs:                          30
 Number of bonded IOBs:                  30  out of    210    14%  

Specific Feature Utilization:
 Number of Block RAM/FIFO:                8  out of    135     5%  
    Number using Block RAM only:          8
 Number of BUFG/BUFGCTRLs:                5  out of     32    15%  

---------------------------
Partition Resource Summary:
---------------------------

  No Partitions were found in this design.

---------------------------


=========================================================================
Timing Report

NOTE: THESE TIMING NUMBERS ARE ONLY A SYNTHESIS ESTIMATE.
      FOR ACCURATE TIMING INFORMATION PLEASE REFER TO THE TRACE REPORT
      GENERATED AFTER PLACE-and-ROUTE.

Clock Information:
------------------
-----------------------------------+------------------------+-------+
Clock Signal                       | Clock buffer(FF name)  | Load  |
-----------------------------------+------------------------+-------+
CAM_pclk                           | BUFGP                  | 33    |
clk25_24/clkout0                   | BUFG                   | 27    |
-----------------------------------+------------------------+-------+

Asynchronous Control Signals Information:
----------------------------------------
No asynchronous control signals found in this design

Timing Summary:
---------------
Speed Grade: -3

   Minimum period: 2.079ns (Maximum Frequency: 481.047MHz)
   Minimum input arrival time before clock: 1.395ns
   Maximum output required time after clock: 1.784ns
   Maximum combinational path delay: 0.368ns

Timing Details:
---------------
All values displayed in nanoseconds (ns)

=========================================================================
Timing constraint: Default period analysis for Clock 'CAM_pclk'
  Clock period: 1.820ns (frequency: 549.330MHz)
  Total number of paths / destination ports: 163 / 49
-------------------------------------------------------------------------
Delay:               1.820ns (Levels of Logic = 16)
  Source:            ov7076_565_to_332/mem_px_addr_0 (FF)
  Destination:       ov7076_565_to_332/mem_px_addr_14 (FF)
  Source Clock:      CAM_pclk rising
  Destination Clock: CAM_pclk rising

  Data Path: ov7076_565_to_332/mem_px_addr_0 to ov7076_565_to_332/mem_px_addr_14
                                Gate     Net
    Cell:in->out      fanout   Delay   Delay  Logical Name (Net Name)
    ----------------------------------------  ------------
     FDRE:C->Q             9   0.361   0.316  ov7076_565_to_332/mem_px_addr_0 (ov7076_565_to_332/mem_px_addr_0)
     INV:I->O              1   0.113   0.000  ov7076_565_to_332/Mcount_mem_px_addr_lut<0>_INV_0 (ov7076_565_to_332/Mcount_mem_px_addr_lut<0>)
     MUXCY:S->O            1   0.353   0.000  ov7076_565_to_332/Mcount_mem_px_addr_cy<0> (ov7076_565_to_332/Mcount_mem_px_addr_cy<0>)
     MUXCY:CI->O           1   0.023   0.000  ov7076_565_to_332/Mcount_mem_px_addr_cy<1> (ov7076_565_to_332/Mcount_mem_px_addr_cy<1>)
     MUXCY:CI->O           1   0.023   0.000  ov7076_565_to_332/Mcount_mem_px_addr_cy<2> (ov7076_565_to_332/Mcount_mem_px_addr_cy<2>)
     MUXCY:CI->O           1   0.023   0.000  ov7076_565_to_332/Mcount_mem_px_addr_cy<3> (ov7076_565_to_332/Mcount_mem_px_addr_cy<3>)
     MUXCY:CI->O           1   0.023   0.000  ov7076_565_to_332/Mcount_mem_px_addr_cy<4> (ov7076_565_to_332/Mcount_mem_px_addr_cy<4>)
     MUXCY:CI->O           1   0.023   0.000  ov7076_565_to_332/Mcount_mem_px_addr_cy<5> (ov7076_565_to_332/Mcount_mem_px_addr_cy<5>)
     MUXCY:CI->O           1   0.023   0.000  ov7076_565_to_332/Mcount_mem_px_addr_cy<6> (ov7076_565_to_332/Mcount_mem_px_addr_cy<6>)
     MUXCY:CI->O           1   0.023   0.000  ov7076_565_to_332/Mcount_mem_px_addr_cy<7> (ov7076_565_to_332/Mcount_mem_px_addr_cy<7>)
     MUXCY:CI->O           1   0.023   0.000  ov7076_565_to_332/Mcount_mem_px_addr_cy<8> (ov7076_565_to_332/Mcount_mem_px_addr_cy<8>)
     MUXCY:CI->O           1   0.023   0.000  ov7076_565_to_332/Mcount_mem_px_addr_cy<9> (ov7076_565_to_332/Mcount_mem_px_addr_cy<9>)
     MUXCY:CI->O           1   0.023   0.000  ov7076_565_to_332/Mcount_mem_px_addr_cy<10> (ov7076_565_to_332/Mcount_mem_px_addr_cy<10>)
     MUXCY:CI->O           1   0.023   0.000  ov7076_565_to_332/Mcount_mem_px_addr_cy<11> (ov7076_565_to_332/Mcount_mem_px_addr_cy<11>)
     MUXCY:CI->O           1   0.023   0.000  ov7076_565_to_332/Mcount_mem_px_addr_cy<12> (ov7076_565_to_332/Mcount_mem_px_addr_cy<12>)
     MUXCY:CI->O           0   0.023   0.000  ov7076_565_to_332/Mcount_mem_px_addr_cy<13> (ov7076_565_to_332/Mcount_mem_px_addr_cy<13>)
     XORCY:CI->O           1   0.370   0.000  ov7076_565_to_332/Mcount_mem_px_addr_xor<14> (ov7076_565_to_332/Result<14>)
     FDRE:D                    0.008          ov7076_565_to_332/mem_px_addr_14
    ----------------------------------------
    Total                      1.820ns (1.504ns logic, 0.316ns route)
                                       (82.6% logic, 17.4% route)

=========================================================================
Timing constraint: Default period analysis for Clock 'clk25_24/clkout0'
  Clock period: 2.079ns (frequency: 481.047MHz)
  Total number of paths / destination ports: 291 / 28
-------------------------------------------------------------------------
Delay:               2.079ns (Levels of Logic = 3)
  Source:            VGA640x480/countX_3 (FF)
  Destination:       VGA640x480/countX_9 (FF)
  Source Clock:      clk25_24/clkout0 rising
  Destination Clock: clk25_24/clkout0 rising

  Data Path: VGA640x480/countX_3 to VGA640x480/countX_9
                                Gate     Net
    Cell:in->out      fanout   Delay   Delay  Logical Name (Net Name)
    ----------------------------------------  ------------
     FD:C->Q               3   0.361   0.693  VGA640x480/countX_3 (VGA640x480/countX_3)
     LUT5:I0->O            3   0.097   0.305  VGA640x480/Mcount_countX_val13_SW0 (N10)
     LUT6:I5->O           10   0.097   0.421  VGA640x480/Mcount_countX_val13 (VGA640x480/Mcount_countX_val1)
     LUT3:I1->O            1   0.097   0.000  VGA640x480/countX_7_glue_rst (VGA640x480/countX_7_glue_rst)
     FDS:D                     0.008          VGA640x480/countX_7
    ----------------------------------------
    Total                      2.079ns (0.660ns logic, 1.419ns route)
                                       (31.7% logic, 68.3% route)

=========================================================================
Timing constraint: Default OFFSET IN BEFORE for Clock 'CAM_pclk'
  Total number of paths / destination ports: 102 / 50
-------------------------------------------------------------------------
Offset:              1.297ns (Levels of Logic = 2)
  Source:            CAM_vsync (PAD)
  Destination:       ov7076_565_to_332/countData (FF)
  Destination Clock: CAM_pclk rising

  Data Path: CAM_vsync to ov7076_565_to_332/countData
                                Gate     Net
    Cell:in->out      fanout   Delay   Delay  Logical Name (Net Name)
    ----------------------------------------  ------------
     IBUF:I->O             4   0.001   0.570  CAM_vsync_IBUF (CAM_vsync_IBUF)
     LUT4:I0->O            1   0.097   0.279  ov7076_565_to_332/_n00541 (ov7076_565_to_332/_n0054)
     FDR:R                     0.349          ov7076_565_to_332/countData
    ----------------------------------------
    Total                      1.297ns (0.447ns logic, 0.850ns route)
                                       (34.5% logic, 65.5% route)

=========================================================================
Timing constraint: Default OFFSET IN BEFORE for Clock 'clk25_24/clkout0'
  Total number of paths / destination ports: 21 / 21
-------------------------------------------------------------------------
Offset:              1.395ns (Levels of Logic = 3)
  Source:            rst (PAD)
  Destination:       VGA640x480/countX_8 (FF)
  Destination Clock: clk25_24/clkout0 rising

  Data Path: rst to VGA640x480/countX_8
                                Gate     Net
    Cell:in->out      fanout   Delay   Delay  Logical Name (Net Name)
    ----------------------------------------  ------------
     IBUF:I->O            20   0.001   0.781  rst_IBUF (rst_IBUF)
     LUT6:I0->O            8   0.097   0.412  VGA640x480/Mcount_countX_val2 (VGA640x480/Mcount_countX_val)
     LUT2:I0->O            1   0.097   0.000  VGA640x480/countX_8_rstpot (VGA640x480/countX_8_rstpot)
     FD:D                      0.008          VGA640x480/countX_8
    ----------------------------------------
    Total                      1.395ns (0.203ns logic, 1.192ns route)
                                       (14.5% logic, 85.5% route)

=========================================================================
Timing constraint: Default OFFSET OUT AFTER for Clock 'clk25_24/clkout0'
  Total number of paths / destination ports: 38 / 10
-------------------------------------------------------------------------
Offset:              1.784ns (Levels of Logic = 3)
  Source:            VGA640x480/countY_6 (FF)
  Destination:       VGA_Vsync_n (PAD)
  Source Clock:      clk25_24/clkout0 rising

  Data Path: VGA640x480/countY_6 to VGA_Vsync_n
                                Gate     Net
    Cell:in->out      fanout   Delay   Delay  Logical Name (Net Name)
    ----------------------------------------  ------------
     FDSE:C->Q            14   0.361   0.571  VGA640x480/countY_6 (VGA640x480/countY_6)
     LUT3:I0->O            1   0.097   0.379  VGA640x480/Vsync_n_SW0 (N8)
     LUT6:I4->O            1   0.097   0.279  VGA640x480/Vsync_n (VGA_Vsync_n_OBUF)
     OBUF:I->O                 0.000          VGA_Vsync_n_OBUF (VGA_Vsync_n)
    ----------------------------------------
    Total                      1.784ns (0.555ns logic, 1.229ns route)
                                       (31.1% logic, 68.9% route)

=========================================================================
Timing constraint: Default path analysis
  Total number of paths / destination ports: 1 / 1
-------------------------------------------------------------------------
Delay:               0.368ns (Levels of Logic = 1)
  Source:            rst (PAD)
  Destination:       clk25_24/mmcm_adv_inst:RST (PAD)

  Data Path: rst to clk25_24/mmcm_adv_inst:RST
                                Gate     Net
    Cell:in->out      fanout   Delay   Delay  Logical Name (Net Name)
    ----------------------------------------  ------------
     IBUF:I->O            20   0.001   0.367  rst_IBUF (rst_IBUF)
    MMCME2_ADV:RST             0.000          clk25_24/mmcm_adv_inst
    ----------------------------------------
    Total                      0.368ns (0.001ns logic, 0.367ns route)
                                       (0.3% logic, 99.7% route)

=========================================================================

Cross Clock Domains Report:
--------------------------

Clock to Setup on destination clock CAM_pclk
---------------+---------+---------+---------+---------+
               | Src:Rise| Src:Fall| Src:Rise| Src:Fall|
Source Clock   |Dest:Rise|Dest:Rise|Dest:Fall|Dest:Fall|
---------------+---------+---------+---------+---------+
CAM_pclk       |    1.820|         |         |         |
---------------+---------+---------+---------+---------+

Clock to Setup on destination clock clk25_24/clkout0
----------------+---------+---------+---------+---------+
                | Src:Rise| Src:Fall| Src:Rise| Src:Fall|
Source Clock    |Dest:Rise|Dest:Rise|Dest:Fall|Dest:Fall|
----------------+---------+---------+---------+---------+
clk25_24/clkout0|    2.079|         |         |         |
----------------+---------+---------+---------+---------+

=========================================================================


Total REAL time to Xst completion: 10.00 secs
Total CPU time to Xst completion: 9.89 secs
 
--> 


Total memory usage is 500024 kilobytes

Number of errors   :    0 (   0 filtered)
Number of warnings :   21 (   0 filtered)
Number of infos    :    2 (   0 filtered)

